Archive member included because of file (symbol)

/usr/lib/gcc/avr/4.8.2/avr4/libgcc.a(_udivmodqi4.o)
                              ./ADC_MCP/adc_mcp.o (__udivmodqi4)
/usr/lib/gcc/avr/4.8.2/avr4/libgcc.a(_exit.o)
                              /usr/lib/gcc/avr/4.8.2/../../../avr/lib/avr4/crtm8.o (exit)
/usr/lib/gcc/avr/4.8.2/avr4/libgcc.a(_copy_data.o)
                              ./UART/uart.o (__do_copy_data)
/usr/lib/gcc/avr/4.8.2/avr4/libgcc.a(_clear_bss.o)
                              ./UART/uart.o (__do_clear_bss)
/usr/lib/gcc/avr/4.8.2/../../../avr/lib/avr4/libm.a(addsf3.o)
                              ./fader.o (__addsf3)
/usr/lib/gcc/avr/4.8.2/../../../avr/lib/avr4/libm.a(addsf3x.o)
                              /usr/lib/gcc/avr/4.8.2/../../../avr/lib/avr4/libm.a(addsf3.o) (__addsf3x)
/usr/lib/gcc/avr/4.8.2/../../../avr/lib/avr4/libm.a(cmpsf2.o)
                              ./fader.o (__ltsf2)
/usr/lib/gcc/avr/4.8.2/../../../avr/lib/avr4/libm.a(divsf3.o)
                              ./fader.o (__divsf3)
/usr/lib/gcc/avr/4.8.2/../../../avr/lib/avr4/libm.a(divsf3x.o)
                              /usr/lib/gcc/avr/4.8.2/../../../avr/lib/avr4/libm.a(divsf3.o) (__divsf3x)
/usr/lib/gcc/avr/4.8.2/../../../avr/lib/avr4/libm.a(fixunssfsi.o)
                              ./fader.o (__fixunssfsi)
/usr/lib/gcc/avr/4.8.2/../../../avr/lib/avr4/libm.a(floatsisf.o)
                              ./fader.o (__floatsisf)
/usr/lib/gcc/avr/4.8.2/../../../avr/lib/avr4/libm.a(fp_cmp.o)
                              /usr/lib/gcc/avr/4.8.2/../../../avr/lib/avr4/libm.a(cmpsf2.o) (__fp_cmp)
/usr/lib/gcc/avr/4.8.2/../../../avr/lib/avr4/libm.a(fp_inf.o)
                              /usr/lib/gcc/avr/4.8.2/../../../avr/lib/avr4/libm.a(addsf3x.o) (__fp_inf)
/usr/lib/gcc/avr/4.8.2/../../../avr/lib/avr4/libm.a(fp_nan.o)
                              /usr/lib/gcc/avr/4.8.2/../../../avr/lib/avr4/libm.a(addsf3x.o) (__fp_nan)
/usr/lib/gcc/avr/4.8.2/../../../avr/lib/avr4/libm.a(fp_pscA.o)
                              /usr/lib/gcc/avr/4.8.2/../../../avr/lib/avr4/libm.a(addsf3x.o) (__fp_pscA)
/usr/lib/gcc/avr/4.8.2/../../../avr/lib/avr4/libm.a(fp_pscB.o)
                              /usr/lib/gcc/avr/4.8.2/../../../avr/lib/avr4/libm.a(addsf3x.o) (__fp_pscB)
/usr/lib/gcc/avr/4.8.2/../../../avr/lib/avr4/libm.a(fp_round.o)
                              /usr/lib/gcc/avr/4.8.2/../../../avr/lib/avr4/libm.a(addsf3.o) (__fp_round)
/usr/lib/gcc/avr/4.8.2/../../../avr/lib/avr4/libm.a(fp_split3.o)
                              /usr/lib/gcc/avr/4.8.2/../../../avr/lib/avr4/libm.a(addsf3x.o) (__fp_split3)
/usr/lib/gcc/avr/4.8.2/../../../avr/lib/avr4/libm.a(fp_zero.o)
                              /usr/lib/gcc/avr/4.8.2/../../../avr/lib/avr4/libm.a(addsf3x.o) (__fp_zero)
/usr/lib/gcc/avr/4.8.2/../../../avr/lib/avr4/libm.a(mulsf3.o)
                              ./fader.o (__mulsf3)
/usr/lib/gcc/avr/4.8.2/../../../avr/lib/avr4/libm.a(mulsf3x.o)
                              /usr/lib/gcc/avr/4.8.2/../../../avr/lib/avr4/libm.a(mulsf3.o) (__mulsf3x)
/usr/lib/gcc/avr/4.8.2/../../../avr/lib/avr4/libc.a(atoi.o)
                              ./main.o (atoi)
/usr/lib/gcc/avr/4.8.2/../../../avr/lib/avr4/libc.a(strcat.o)
                              ./main.o (strcat)
/usr/lib/gcc/avr/4.8.2/../../../avr/lib/avr4/libc.a(strchr.o)
                              ./main.o (strchr)
/usr/lib/gcc/avr/4.8.2/../../../avr/lib/avr4/libc.a(strncpy.o)
                              ./main.o (strncpy)
/usr/lib/gcc/avr/4.8.2/../../../avr/lib/avr4/libc.a(itoa.o)
                              ./main.o (itoa)
/usr/lib/gcc/avr/4.8.2/../../../avr/lib/avr4/libc.a(mul10.o)
                              /usr/lib/gcc/avr/4.8.2/../../../avr/lib/avr4/libc.a(atoi.o) (__mulhi_const_10)
/usr/lib/gcc/avr/4.8.2/../../../avr/lib/avr4/libc.a(strrev.o)
                              /usr/lib/gcc/avr/4.8.2/../../../avr/lib/avr4/libc.a(itoa.o) (strrev)
/usr/lib/gcc/avr/4.8.2/avr4/libgcc.a(_udivmodhi4.o)
                              /usr/lib/gcc/avr/4.8.2/../../../avr/lib/avr4/libc.a(itoa.o) (__udivmodhi4)

Allocating common symbols
Common symbol       size              file

fader               0xc               ./fader.o
outMessage          0x14              ./UART/uart.o
inMessage           0x14              ./UART/uart.o
adcData             0x7               ./ADC_MCP/adc_mcp.o

↵
Speichereinrichtung
↵

Name             Ursprung           Länge             Eigenschaften
text             0x0000000000000000 0x0000000000002000 xr
data             0x0000000000800060 0x000000000000ffa0 rw !x
eeprom           0x0000000000810000 0x0000000000010000 rw !x
fuse             0x0000000000820000 0x0000000000000400 rw !x
lock             0x0000000000830000 0x0000000000000400 rw !x
signature        0x0000000000840000 0x0000000000000400 rw !x
user_signatures  0x0000000000850000 0x0000000000000400 rw !x
*default*        0x0000000000000000 0xffffffffffffffff

Linker script and memory map

LOAD /usr/lib/gcc/avr/4.8.2/../../../avr/lib/avr4/crtm8.o
LOAD ./UART/uart.o
LOAD ./Motor/motor.o
LOAD ./Motor/shift.o
LOAD ./ADC_MCP/adc_mcp.o
LOAD ./fader.o
LOAD ./main.o
START GROUP
LOAD /usr/lib/gcc/avr/4.8.2/avr4/libgcc.a
LOAD /usr/lib/gcc/avr/4.8.2/../../../avr/lib/avr4/libm.a
LOAD /usr/lib/gcc/avr/4.8.2/../../../avr/lib/avr4/libc.a
END GROUP

.hash
 *(.hash)

.dynsym
 *(.dynsym)

.dynstr
 *(.dynstr)

.gnu.version
 *(.gnu.version)

.gnu.version_d
 *(.gnu.version_d)

.gnu.version_r
 *(.gnu.version_r)

.rel.init
 *(.rel.init)

.rela.init
 *(.rela.init)

.rel.text
 *(.rel.text)
 *(.rel.text.*)
 *(.rel.gnu.linkonce.t*)

.rela.text
 *(.rela.text)
 *(.rela.text.*)
 *(.rela.gnu.linkonce.t*)

.rel.fini
 *(.rel.fini)

.rela.fini
 *(.rela.fini)

.rel.rodata
 *(.rel.rodata)
 *(.rel.rodata.*)
 *(.rel.gnu.linkonce.r*)

.rela.rodata
 *(.rela.rodata)
 *(.rela.rodata.*)
 *(.rela.gnu.linkonce.r*)

.rel.data
 *(.rel.data)
 *(.rel.data.*)
 *(.rel.gnu.linkonce.d*)

.rela.data
 *(.rela.data)
 *(.rela.data.*)
 *(.rela.gnu.linkonce.d*)

.rel.ctors
 *(.rel.ctors)

.rela.ctors
 *(.rela.ctors)

.rel.dtors
 *(.rel.dtors)

.rela.dtors
 *(.rela.dtors)

.rel.got
 *(.rel.got)

.rela.got
 *(.rela.got)

.rel.bss
 *(.rel.bss)

.rela.bss
 *(.rela.bss)

.rel.plt
 *(.rel.plt)

.rela.plt
 *(.rela.plt)

.text           0x0000000000000000     0x145a
 *(.vectors)
 .vectors       0x0000000000000000       0x26 /usr/lib/gcc/avr/4.8.2/../../../avr/lib/avr4/crtm8.o
                0x0000000000000000                __vectors
                0x0000000000000000                __vector_default
 *(.vectors)
 *(.progmem.gcc*)
 *(.progmem*)
                0x0000000000000026                . = ALIGN (0x2)
                0x0000000000000026                __trampolines_start = .
 *(.trampolines)
 .trampolines   0x0000000000000026        0x0 linker stubs
 *(.trampolines*)
                0x0000000000000026                __trampolines_end = .
 *(.jumptables)
 *(.jumptables*)
 *(.lowtext)
 *(.lowtext*)
                0x0000000000000026                __ctors_start = .
 *(.ctors)
                0x0000000000000026                __ctors_end = .
                0x0000000000000026                __dtors_start = .
 *(.dtors)
                0x0000000000000026                __dtors_end = .
 SORT(*)(.ctors)
 SORT(*)(.dtors)
 *(.init0)
 .init0         0x0000000000000026        0x0 /usr/lib/gcc/avr/4.8.2/../../../avr/lib/avr4/crtm8.o
                0x0000000000000026                __init
 *(.init0)
 *(.init1)
 *(.init1)
 *(.init2)
 .init2         0x0000000000000026        0xc /usr/lib/gcc/avr/4.8.2/../../../avr/lib/avr4/crtm8.o
 *(.init2)
 *(.init3)
 *(.init3)
 *(.init4)
 .init4         0x0000000000000032       0x16 /usr/lib/gcc/avr/4.8.2/avr4/libgcc.a(_copy_data.o)
                0x0000000000000032                __do_copy_data
 .init4         0x0000000000000048       0x10 /usr/lib/gcc/avr/4.8.2/avr4/libgcc.a(_clear_bss.o)
                0x0000000000000048                __do_clear_bss
 *(.init4)
 *(.init5)
 *(.init5)
 *(.init6)
 *(.init6)
 *(.init7)
 *(.init7)
 *(.init8)
 *(.init8)
 *(.init9)
 .init9         0x0000000000000058        0x4 /usr/lib/gcc/avr/4.8.2/../../../avr/lib/avr4/crtm8.o
 *(.init9)
 *(.text)
 .text          0x000000000000005c        0x2 /usr/lib/gcc/avr/4.8.2/../../../avr/lib/avr4/crtm8.o
                0x000000000000005c                __vector_1
                0x000000000000005c                __vector_12
                0x000000000000005c                __bad_interrupt
                0x000000000000005c                __vector_3
                0x000000000000005c                __vector_17
                0x000000000000005c                __vector_7
                0x000000000000005c                __vector_5
                0x000000000000005c                __vector_4
                0x000000000000005c                __vector_9
                0x000000000000005c                __vector_2
                0x000000000000005c                __vector_15
                0x000000000000005c                __vector_8
                0x000000000000005c                __vector_14
                0x000000000000005c                __vector_16
                0x000000000000005c                __vector_18
 .text          0x000000000000005e        0x0 ./UART/uart.o
 .text          0x000000000000005e        0x0 ./Motor/motor.o
 .text          0x000000000000005e        0x0 ./Motor/shift.o
 .text          0x000000000000005e        0x0 ./ADC_MCP/adc_mcp.o
 .text          0x000000000000005e        0x0 ./fader.o
 .text          0x000000000000005e        0x0 ./main.o
 .text          0x000000000000005e        0x0 /usr/lib/gcc/avr/4.8.2/avr4/libgcc.a(_udivmodqi4.o)
 .text          0x000000000000005e        0x0 /usr/lib/gcc/avr/4.8.2/avr4/libgcc.a(_exit.o)
 .text          0x000000000000005e        0x0 /usr/lib/gcc/avr/4.8.2/avr4/libgcc.a(_copy_data.o)
 .text          0x000000000000005e        0x0 /usr/lib/gcc/avr/4.8.2/avr4/libgcc.a(_clear_bss.o)
 .text          0x000000000000005e        0x0 /usr/lib/gcc/avr/4.8.2/../../../avr/lib/avr4/libm.a(addsf3.o)
 .text          0x000000000000005e        0x0 /usr/lib/gcc/avr/4.8.2/../../../avr/lib/avr4/libm.a(addsf3x.o)
 .text          0x000000000000005e        0x0 /usr/lib/gcc/avr/4.8.2/../../../avr/lib/avr4/libm.a(cmpsf2.o)
 .text          0x000000000000005e        0x0 /usr/lib/gcc/avr/4.8.2/../../../avr/lib/avr4/libm.a(divsf3.o)
 .text          0x000000000000005e        0x0 /usr/lib/gcc/avr/4.8.2/../../../avr/lib/avr4/libm.a(divsf3x.o)
 .text          0x000000000000005e        0x0 /usr/lib/gcc/avr/4.8.2/../../../avr/lib/avr4/libm.a(fixunssfsi.o)
 .text          0x000000000000005e        0x0 /usr/lib/gcc/avr/4.8.2/../../../avr/lib/avr4/libm.a(floatsisf.o)
 .text          0x000000000000005e        0x0 /usr/lib/gcc/avr/4.8.2/../../../avr/lib/avr4/libm.a(fp_cmp.o)
 .text          0x000000000000005e        0x0 /usr/lib/gcc/avr/4.8.2/../../../avr/lib/avr4/libm.a(fp_inf.o)
 .text          0x000000000000005e        0x0 /usr/lib/gcc/avr/4.8.2/../../../avr/lib/avr4/libm.a(fp_nan.o)
 .text          0x000000000000005e        0x0 /usr/lib/gcc/avr/4.8.2/../../../avr/lib/avr4/libm.a(fp_pscA.o)
 .text          0x000000000000005e        0x0 /usr/lib/gcc/avr/4.8.2/../../../avr/lib/avr4/libm.a(fp_pscB.o)
 .text          0x000000000000005e        0x0 /usr/lib/gcc/avr/4.8.2/../../../avr/lib/avr4/libm.a(fp_round.o)
 .text          0x000000000000005e        0x0 /usr/lib/gcc/avr/4.8.2/../../../avr/lib/avr4/libm.a(fp_split3.o)
 .text          0x000000000000005e        0x0 /usr/lib/gcc/avr/4.8.2/../../../avr/lib/avr4/libm.a(fp_zero.o)
 .text          0x000000000000005e        0x0 /usr/lib/gcc/avr/4.8.2/../../../avr/lib/avr4/libm.a(mulsf3.o)
 .text          0x000000000000005e        0x0 /usr/lib/gcc/avr/4.8.2/../../../avr/lib/avr4/libm.a(mulsf3x.o)
 .text          0x000000000000005e        0x0 /usr/lib/gcc/avr/4.8.2/../../../avr/lib/avr4/libc.a(atoi.o)
 .text          0x000000000000005e        0x0 /usr/lib/gcc/avr/4.8.2/../../../avr/lib/avr4/libc.a(strcat.o)
 .text          0x000000000000005e        0x0 /usr/lib/gcc/avr/4.8.2/../../../avr/lib/avr4/libc.a(strchr.o)
 .text          0x000000000000005e        0x0 /usr/lib/gcc/avr/4.8.2/../../../avr/lib/avr4/libc.a(strncpy.o)
 .text          0x000000000000005e        0x0 /usr/lib/gcc/avr/4.8.2/../../../avr/lib/avr4/libc.a(itoa.o)
 .text          0x000000000000005e        0x0 /usr/lib/gcc/avr/4.8.2/../../../avr/lib/avr4/libc.a(mul10.o)
 .text          0x000000000000005e        0x0 /usr/lib/gcc/avr/4.8.2/../../../avr/lib/avr4/libc.a(strrev.o)
 .text          0x000000000000005e        0x0 /usr/lib/gcc/avr/4.8.2/avr4/libgcc.a(_udivmodhi4.o)
                0x000000000000005e                . = ALIGN (0x2)
 *(.text.*)
 .text.__vector_11
                0x000000000000005e       0x68 ./UART/uart.o
                0x000000000000005e                __vector_11
 .text.__vector_13
                0x00000000000000c6       0x7e ./UART/uart.o
                0x00000000000000c6                __vector_13
 .text.uart_init
                0x0000000000000144       0x14 ./UART/uart.o
                0x0000000000000144                uart_init
 .text.sendMessage
                0x0000000000000158       0x34 ./UART/uart.o
                0x0000000000000158                sendMessage
 .text.startMotor
                0x000000000000018c       0xd4 ./Motor/motor.o
                0x000000000000018c                startMotor
 .text.stopMotor
                0x0000000000000260       0x7c ./Motor/motor.o
                0x0000000000000260                stopMotor
 .text.stopAll  0x00000000000002dc       0x18 ./Motor/motor.o
                0x00000000000002dc                stopAll
 .text.init_shift
                0x00000000000002f4        0x8 ./Motor/shift.o
                0x00000000000002f4                init_shift
 .text.shift    0x00000000000002fc       0x5a ./Motor/shift.o
                0x00000000000002fc                shift
 .text.initSPI  0x0000000000000356       0x2a ./ADC_MCP/adc_mcp.o
                0x0000000000000356                initSPI
 .text.startMeassure
                0x0000000000000380       0x1e ./ADC_MCP/adc_mcp.o
                0x0000000000000380                startMeassure
 .text.__vector_10
                0x000000000000039e       0xf8 ./ADC_MCP/adc_mcp.o
                0x000000000000039e                __vector_10
 .text.newMessage
                0x0000000000000496        0x6 ./ADC_MCP/adc_mcp.o
                0x0000000000000496                newMessage
 .text.getMeassure
                0x000000000000049c        0xe ./ADC_MCP/adc_mcp.o
                0x000000000000049c                getMeassure
 .text.readMeassure
                0x00000000000004aa       0x6c ./ADC_MCP/adc_mcp.o
                0x00000000000004aa                readMeassure
 .text.__vector_6
                0x0000000000000516       0x24 ./fader.o
                0x0000000000000516                __vector_6
 .text.setTimer
                0x000000000000053a      0x2ee ./fader.o
                0x000000000000053a                setTimer
 .text.workFader
                0x0000000000000828      0x1f4 ./fader.o
                0x0000000000000828                workFader
 .text.gotoPosition
                0x0000000000000a1c      0x11a ./fader.o
                0x0000000000000a1c                gotoPosition
 .text.readFader
                0x0000000000000b36       0x56 ./fader.o
                0x0000000000000b36                readFader
 .text.initFader
                0x0000000000000b8c       0x90 ./fader.o
                0x0000000000000b8c                initFader
 .text.testFader
                0x0000000000000c1c       0xda ./fader.o
                0x0000000000000c1c                testFader
 .text.init     0x0000000000000cf6        0xa ./main.o
                0x0000000000000cf6                init
 .text.minisend
                0x0000000000000d00        0x2 ./main.o
                0x0000000000000d00                minisend
 .text.startup.main
                0x0000000000000d02      0x1fe ./main.o
                0x0000000000000d02                main
 .text.libgcc.mul
                0x0000000000000f00        0x0 /usr/lib/gcc/avr/4.8.2/avr4/libgcc.a(_udivmodqi4.o)
 .text.libgcc.div
                0x0000000000000f00       0x18 /usr/lib/gcc/avr/4.8.2/avr4/libgcc.a(_udivmodqi4.o)
                0x0000000000000f00                __udivmodqi4
 .text.libgcc   0x0000000000000f18        0x0 /usr/lib/gcc/avr/4.8.2/avr4/libgcc.a(_udivmodqi4.o)
 .text.libgcc.prologue
                0x0000000000000f18        0x0 /usr/lib/gcc/avr/4.8.2/avr4/libgcc.a(_udivmodqi4.o)
 .text.libgcc.builtins
                0x0000000000000f18        0x0 /usr/lib/gcc/avr/4.8.2/avr4/libgcc.a(_udivmodqi4.o)
 .text.libgcc.fmul
                0x0000000000000f18        0x0 /usr/lib/gcc/avr/4.8.2/avr4/libgcc.a(_udivmodqi4.o)
 .text.libgcc.fixed
                0x0000000000000f18        0x0 /usr/lib/gcc/avr/4.8.2/avr4/libgcc.a(_udivmodqi4.o)
 .text.libgcc.mul
                0x0000000000000f18        0x0 /usr/lib/gcc/avr/4.8.2/avr4/libgcc.a(_exit.o)
 .text.libgcc.div
                0x0000000000000f18        0x0 /usr/lib/gcc/avr/4.8.2/avr4/libgcc.a(_exit.o)
 .text.libgcc   0x0000000000000f18        0x0 /usr/lib/gcc/avr/4.8.2/avr4/libgcc.a(_exit.o)
 .text.libgcc.prologue
                0x0000000000000f18        0x0 /usr/lib/gcc/avr/4.8.2/avr4/libgcc.a(_exit.o)
 .text.libgcc.builtins
                0x0000000000000f18        0x0 /usr/lib/gcc/avr/4.8.2/avr4/libgcc.a(_exit.o)
 .text.libgcc.fmul
                0x0000000000000f18        0x0 /usr/lib/gcc/avr/4.8.2/avr4/libgcc.a(_exit.o)
 .text.libgcc.fixed
                0x0000000000000f18        0x0 /usr/lib/gcc/avr/4.8.2/avr4/libgcc.a(_exit.o)
 .text.libgcc.mul
                0x0000000000000f18        0x0 /usr/lib/gcc/avr/4.8.2/avr4/libgcc.a(_copy_data.o)
 .text.libgcc.div
                0x0000000000000f18        0x0 /usr/lib/gcc/avr/4.8.2/avr4/libgcc.a(_copy_data.o)
 .text.libgcc   0x0000000000000f18        0x0 /usr/lib/gcc/avr/4.8.2/avr4/libgcc.a(_copy_data.o)
 .text.libgcc.prologue
                0x0000000000000f18        0x0 /usr/lib/gcc/avr/4.8.2/avr4/libgcc.a(_copy_data.o)
 .text.libgcc.builtins
                0x0000000000000f18        0x0 /usr/lib/gcc/avr/4.8.2/avr4/libgcc.a(_copy_data.o)
 .text.libgcc.fmul
                0x0000000000000f18        0x0 /usr/lib/gcc/avr/4.8.2/avr4/libgcc.a(_copy_data.o)
 .text.libgcc.fixed
                0x0000000000000f18        0x0 /usr/lib/gcc/avr/4.8.2/avr4/libgcc.a(_copy_data.o)
 .text.libgcc.mul
                0x0000000000000f18        0x0 /usr/lib/gcc/avr/4.8.2/avr4/libgcc.a(_clear_bss.o)
 .text.libgcc.div
                0x0000000000000f18        0x0 /usr/lib/gcc/avr/4.8.2/avr4/libgcc.a(_clear_bss.o)
 .text.libgcc   0x0000000000000f18        0x0 /usr/lib/gcc/avr/4.8.2/avr4/libgcc.a(_clear_bss.o)
 .text.libgcc.prologue
                0x0000000000000f18        0x0 /usr/lib/gcc/avr/4.8.2/avr4/libgcc.a(_clear_bss.o)
 .text.libgcc.builtins
                0x0000000000000f18        0x0 /usr/lib/gcc/avr/4.8.2/avr4/libgcc.a(_clear_bss.o)
 .text.libgcc.fmul
                0x0000000000000f18        0x0 /usr/lib/gcc/avr/4.8.2/avr4/libgcc.a(_clear_bss.o)
 .text.libgcc.fixed
                0x0000000000000f18        0x0 /usr/lib/gcc/avr/4.8.2/avr4/libgcc.a(_clear_bss.o)
 .text.avr-libc.fplib
                0x0000000000000f18        0xa /usr/lib/gcc/avr/4.8.2/../../../avr/lib/avr4/libm.a(addsf3.o)
                0x0000000000000f18                __subsf3
                0x0000000000000f1a                __addsf3
 .text.avr-libc.fplib
                0x0000000000000f22       0xc0 /usr/lib/gcc/avr/4.8.2/../../../avr/lib/avr4/libm.a(addsf3x.o)
                0x0000000000000f3c                __addsf3x
 .text.avr-libc.fplib
                0x0000000000000fe2        0x8 /usr/lib/gcc/avr/4.8.2/../../../avr/lib/avr4/libm.a(cmpsf2.o)
                0x0000000000000fe2                __lesf2
                0x0000000000000fe2                __nesf2
                0x0000000000000fe2                __eqsf2
                0x0000000000000fe2                __cmpsf2
                0x0000000000000fe2                __ltsf2
 .text.avr-libc.fplib
                0x0000000000000fea        0x4 /usr/lib/gcc/avr/4.8.2/../../../avr/lib/avr4/libm.a(divsf3.o)
                0x0000000000000fea                __divsf3
 .text.avr-libc.fplib
                0x0000000000000fee       0xcc /usr/lib/gcc/avr/4.8.2/../../../avr/lib/avr4/libm.a(divsf3x.o)
                0x0000000000001004                __divsf3x
                0x0000000000001008                __divsf3_pse
 .text.avr-libc.fplib
                0x00000000000010ba       0x58 /usr/lib/gcc/avr/4.8.2/../../../avr/lib/avr4/libm.a(fixunssfsi.o)
                0x00000000000010ba                __fixunssfsi
 .text.avr-libc.fplib
                0x0000000000001112       0x7a /usr/lib/gcc/avr/4.8.2/../../../avr/lib/avr4/libm.a(floatsisf.o)
                0x0000000000001112                __floatunsisf
                0x0000000000001116                __floatsisf
 .text.avr-libc.fplib
                0x000000000000118c       0x48 /usr/lib/gcc/avr/4.8.2/../../../avr/lib/avr4/libm.a(fp_cmp.o)
                0x000000000000118c                __fp_cmp
 .text.avr-libc.fplib
                0x00000000000011d4        0xc /usr/lib/gcc/avr/4.8.2/../../../avr/lib/avr4/libm.a(fp_inf.o)
                0x00000000000011d4                __fp_inf
 .text.avr-libc.fplib
                0x00000000000011e0        0x6 /usr/lib/gcc/avr/4.8.2/../../../avr/lib/avr4/libm.a(fp_nan.o)
                0x00000000000011e0                __fp_nan
 .text.avr-libc.fplib
                0x00000000000011e6        0xe /usr/lib/gcc/avr/4.8.2/../../../avr/lib/avr4/libm.a(fp_pscA.o)
                0x00000000000011e6                __fp_pscA
 .text.avr-libc.fplib
                0x00000000000011f4        0xe /usr/lib/gcc/avr/4.8.2/../../../avr/lib/avr4/libm.a(fp_pscB.o)
                0x00000000000011f4                __fp_pscB
 .text.avr-libc.fplib
                0x0000000000001202       0x22 /usr/lib/gcc/avr/4.8.2/../../../avr/lib/avr4/libm.a(fp_round.o)
                0x0000000000001202                __fp_round
 .text.avr-libc.fplib
                0x0000000000001224       0x44 /usr/lib/gcc/avr/4.8.2/../../../avr/lib/avr4/libm.a(fp_split3.o)
                0x0000000000001224                __fp_split3
                0x0000000000001234                __fp_splitA
 .text.avr-libc.fplib
                0x0000000000001268        0xe /usr/lib/gcc/avr/4.8.2/../../../avr/lib/avr4/libm.a(fp_zero.o)
                0x0000000000001268                __fp_zero
                0x000000000000126a                __fp_szero
 .text.avr-libc.fplib
                0x0000000000001276        0x4 /usr/lib/gcc/avr/4.8.2/../../../avr/lib/avr4/libm.a(mulsf3.o)
                0x0000000000001276                __mulsf3
 .text.avr-libc.fplib
                0x000000000000127a       0xc2 /usr/lib/gcc/avr/4.8.2/../../../avr/lib/avr4/libm.a(mulsf3x.o)
                0x000000000000128e                __mulsf3x
                0x0000000000001292                __mulsf3_pse
 .text.avr-libc
                0x000000000000133c       0x3a /usr/lib/gcc/avr/4.8.2/../../../avr/lib/avr4/libc.a(atoi.o)
                0x000000000000133c                atoi
 .text.avr-libc
                0x0000000000001376       0x16 /usr/lib/gcc/avr/4.8.2/../../../avr/lib/avr4/libc.a(strcat.o)
                0x0000000000001376                strcat
 .text.avr-libc
                0x000000000000138c       0x16 /usr/lib/gcc/avr/4.8.2/../../../avr/lib/avr4/libc.a(strchr.o)
                0x000000000000138c                strchr
 .text.avr-libc
                0x00000000000013a2       0x1e /usr/lib/gcc/avr/4.8.2/../../../avr/lib/avr4/libc.a(strncpy.o)
                0x00000000000013a2                strncpy
 .text.avr-libc
                0x00000000000013c0       0x3e /usr/lib/gcc/avr/4.8.2/../../../avr/lib/avr4/libc.a(itoa.o)
                0x00000000000013c0                itoa
 .text.avr-libc
                0x00000000000013fe       0x10 /usr/lib/gcc/avr/4.8.2/../../../avr/lib/avr4/libc.a(mul10.o)
                0x00000000000013fe                __mulhi_const_10
 .text.avr-libc
                0x000000000000140e       0x20 /usr/lib/gcc/avr/4.8.2/../../../avr/lib/avr4/libc.a(strrev.o)
                0x000000000000140e                strrev
 .text.libgcc.mul
                0x000000000000142e        0x0 /usr/lib/gcc/avr/4.8.2/avr4/libgcc.a(_udivmodhi4.o)
 .text.libgcc.div
                0x000000000000142e       0x28 /usr/lib/gcc/avr/4.8.2/avr4/libgcc.a(_udivmodhi4.o)
                0x000000000000142e                __udivmodhi4
 .text.libgcc   0x0000000000001456        0x0 /usr/lib/gcc/avr/4.8.2/avr4/libgcc.a(_udivmodhi4.o)
 .text.libgcc.prologue
                0x0000000000001456        0x0 /usr/lib/gcc/avr/4.8.2/avr4/libgcc.a(_udivmodhi4.o)
 .text.libgcc.builtins
                0x0000000000001456        0x0 /usr/lib/gcc/avr/4.8.2/avr4/libgcc.a(_udivmodhi4.o)
 .text.libgcc.fmul
                0x0000000000001456        0x0 /usr/lib/gcc/avr/4.8.2/avr4/libgcc.a(_udivmodhi4.o)
 .text.libgcc.fixed
                0x0000000000001456        0x0 /usr/lib/gcc/avr/4.8.2/avr4/libgcc.a(_udivmodhi4.o)
                0x0000000000001456                . = ALIGN (0x2)
 *(.fini9)
 .fini9         0x0000000000001456        0x0 /usr/lib/gcc/avr/4.8.2/avr4/libgcc.a(_exit.o)
                0x0000000000001456                exit
                0x0000000000001456                _exit
 *(.fini9)
 *(.fini8)
 *(.fini8)
 *(.fini7)
 *(.fini7)
 *(.fini6)
 *(.fini6)
 *(.fini5)
 *(.fini5)
 *(.fini4)
 *(.fini4)
 *(.fini3)
 *(.fini3)
 *(.fini2)
 *(.fini2)
 *(.fini1)
 *(.fini1)
 *(.fini0)
 .fini0         0x0000000000001456        0x4 /usr/lib/gcc/avr/4.8.2/avr4/libgcc.a(_exit.o)
 *(.fini0)
                0x000000000000145a                _etext = .

.data           0x0000000000800060        0x6 load address 0x000000000000145a
                0x0000000000800060                PROVIDE (__data_start, .)
 *(.data)
 .data          0x0000000000800060        0x0 /usr/lib/gcc/avr/4.8.2/../../../avr/lib/avr4/crtm8.o
 .data          0x0000000000800060        0x0 ./UART/uart.o
 .data          0x0000000000800060        0x0 ./Motor/motor.o
 .data          0x0000000000800060        0x0 ./Motor/shift.o
 .data          0x0000000000800060        0x0 ./ADC_MCP/adc_mcp.o
 .data          0x0000000000800060        0x0 ./fader.o
 .data          0x0000000000800060        0x0 ./main.o
 .data          0x0000000000800060        0x0 /usr/lib/gcc/avr/4.8.2/avr4/libgcc.a(_udivmodqi4.o)
 .data          0x0000000000800060        0x0 /usr/lib/gcc/avr/4.8.2/avr4/libgcc.a(_exit.o)
 .data          0x0000000000800060        0x0 /usr/lib/gcc/avr/4.8.2/avr4/libgcc.a(_copy_data.o)
 .data          0x0000000000800060        0x0 /usr/lib/gcc/avr/4.8.2/avr4/libgcc.a(_clear_bss.o)
 .data          0x0000000000800060        0x0 /usr/lib/gcc/avr/4.8.2/../../../avr/lib/avr4/libm.a(addsf3.o)
 .data          0x0000000000800060        0x0 /usr/lib/gcc/avr/4.8.2/../../../avr/lib/avr4/libm.a(addsf3x.o)
 .data          0x0000000000800060        0x0 /usr/lib/gcc/avr/4.8.2/../../../avr/lib/avr4/libm.a(cmpsf2.o)
 .data          0x0000000000800060        0x0 /usr/lib/gcc/avr/4.8.2/../../../avr/lib/avr4/libm.a(divsf3.o)
 .data          0x0000000000800060        0x0 /usr/lib/gcc/avr/4.8.2/../../../avr/lib/avr4/libm.a(divsf3x.o)
 .data          0x0000000000800060        0x0 /usr/lib/gcc/avr/4.8.2/../../../avr/lib/avr4/libm.a(fixunssfsi.o)
 .data          0x0000000000800060        0x0 /usr/lib/gcc/avr/4.8.2/../../../avr/lib/avr4/libm.a(floatsisf.o)
 .data          0x0000000000800060        0x0 /usr/lib/gcc/avr/4.8.2/../../../avr/lib/avr4/libm.a(fp_cmp.o)
 .data          0x0000000000800060        0x0 /usr/lib/gcc/avr/4.8.2/../../../avr/lib/avr4/libm.a(fp_inf.o)
 .data          0x0000000000800060        0x0 /usr/lib/gcc/avr/4.8.2/../../../avr/lib/avr4/libm.a(fp_nan.o)
 .data          0x0000000000800060        0x0 /usr/lib/gcc/avr/4.8.2/../../../avr/lib/avr4/libm.a(fp_pscA.o)
 .data          0x0000000000800060        0x0 /usr/lib/gcc/avr/4.8.2/../../../avr/lib/avr4/libm.a(fp_pscB.o)
 .data          0x0000000000800060        0x0 /usr/lib/gcc/avr/4.8.2/../../../avr/lib/avr4/libm.a(fp_round.o)
 .data          0x0000000000800060        0x0 /usr/lib/gcc/avr/4.8.2/../../../avr/lib/avr4/libm.a(fp_split3.o)
 .data          0x0000000000800060        0x0 /usr/lib/gcc/avr/4.8.2/../../../avr/lib/avr4/libm.a(fp_zero.o)
 .data          0x0000000000800060        0x0 /usr/lib/gcc/avr/4.8.2/../../../avr/lib/avr4/libm.a(mulsf3.o)
 .data          0x0000000000800060        0x0 /usr/lib/gcc/avr/4.8.2/../../../avr/lib/avr4/libm.a(mulsf3x.o)
 .data          0x0000000000800060        0x0 /usr/lib/gcc/avr/4.8.2/../../../avr/lib/avr4/libc.a(atoi.o)
 .data          0x0000000000800060        0x0 /usr/lib/gcc/avr/4.8.2/../../../avr/lib/avr4/libc.a(strcat.o)
 .data          0x0000000000800060        0x0 /usr/lib/gcc/avr/4.8.2/../../../avr/lib/avr4/libc.a(strchr.o)
 .data          0x0000000000800060        0x0 /usr/lib/gcc/avr/4.8.2/../../../avr/lib/avr4/libc.a(strncpy.o)
 .data          0x0000000000800060        0x0 /usr/lib/gcc/avr/4.8.2/../../../avr/lib/avr4/libc.a(itoa.o)
 .data          0x0000000000800060        0x0 /usr/lib/gcc/avr/4.8.2/../../../avr/lib/avr4/libc.a(mul10.o)
 .data          0x0000000000800060        0x0 /usr/lib/gcc/avr/4.8.2/../../../avr/lib/avr4/libc.a(strrev.o)
 .data          0x0000000000800060        0x0 /usr/lib/gcc/avr/4.8.2/avr4/libgcc.a(_udivmodhi4.o)
 *(.data*)
 .data.interrupt
                0x0000000000800060        0x1 ./UART/uart.o
                0x0000000000800060                interrupt
 *(.rodata)
 *(.rodata*)
 .rodata.str1.1
                0x0000000000800061        0x4 ./main.o
 *(.gnu.linkonce.d*)
                0x0000000000800066                . = ALIGN (0x2)
 *fill*         0x0000000000800065        0x1 
                0x0000000000800066                _edata = .
                0x0000000000800066                PROVIDE (__data_end, .)

.bss            0x0000000000800066       0x4d
                0x0000000000800066                PROVIDE (__bss_start, .)
 *(.bss)
 .bss           0x0000000000800066        0x0 /usr/lib/gcc/avr/4.8.2/../../../avr/lib/avr4/crtm8.o
 .bss           0x0000000000800066        0x0 ./UART/uart.o
 .bss           0x0000000000800066        0x0 ./Motor/motor.o
 .bss           0x0000000000800066        0x0 ./Motor/shift.o
 .bss           0x0000000000800066        0x0 ./ADC_MCP/adc_mcp.o
 .bss           0x0000000000800066        0x0 ./fader.o
 .bss           0x0000000000800066        0x0 ./main.o
 .bss           0x0000000000800066        0x0 /usr/lib/gcc/avr/4.8.2/avr4/libgcc.a(_udivmodqi4.o)
 .bss           0x0000000000800066        0x0 /usr/lib/gcc/avr/4.8.2/avr4/libgcc.a(_exit.o)
 .bss           0x0000000000800066        0x0 /usr/lib/gcc/avr/4.8.2/avr4/libgcc.a(_copy_data.o)
 .bss           0x0000000000800066        0x0 /usr/lib/gcc/avr/4.8.2/avr4/libgcc.a(_clear_bss.o)
 .bss           0x0000000000800066        0x0 /usr/lib/gcc/avr/4.8.2/../../../avr/lib/avr4/libm.a(addsf3.o)
 .bss           0x0000000000800066        0x0 /usr/lib/gcc/avr/4.8.2/../../../avr/lib/avr4/libm.a(addsf3x.o)
 .bss           0x0000000000800066        0x0 /usr/lib/gcc/avr/4.8.2/../../../avr/lib/avr4/libm.a(cmpsf2.o)
 .bss           0x0000000000800066        0x0 /usr/lib/gcc/avr/4.8.2/../../../avr/lib/avr4/libm.a(divsf3.o)
 .bss           0x0000000000800066        0x0 /usr/lib/gcc/avr/4.8.2/../../../avr/lib/avr4/libm.a(divsf3x.o)
 .bss           0x0000000000800066        0x0 /usr/lib/gcc/avr/4.8.2/../../../avr/lib/avr4/libm.a(fixunssfsi.o)
 .bss           0x0000000000800066        0x0 /usr/lib/gcc/avr/4.8.2/../../../avr/lib/avr4/libm.a(floatsisf.o)
 .bss           0x0000000000800066        0x0 /usr/lib/gcc/avr/4.8.2/../../../avr/lib/avr4/libm.a(fp_cmp.o)
 .bss           0x0000000000800066        0x0 /usr/lib/gcc/avr/4.8.2/../../../avr/lib/avr4/libm.a(fp_inf.o)
 .bss           0x0000000000800066        0x0 /usr/lib/gcc/avr/4.8.2/../../../avr/lib/avr4/libm.a(fp_nan.o)
 .bss           0x0000000000800066        0x0 /usr/lib/gcc/avr/4.8.2/../../../avr/lib/avr4/libm.a(fp_pscA.o)
 .bss           0x0000000000800066        0x0 /usr/lib/gcc/avr/4.8.2/../../../avr/lib/avr4/libm.a(fp_pscB.o)
 .bss           0x0000000000800066        0x0 /usr/lib/gcc/avr/4.8.2/../../../avr/lib/avr4/libm.a(fp_round.o)
 .bss           0x0000000000800066        0x0 /usr/lib/gcc/avr/4.8.2/../../../avr/lib/avr4/libm.a(fp_split3.o)
 .bss           0x0000000000800066        0x0 /usr/lib/gcc/avr/4.8.2/../../../avr/lib/avr4/libm.a(fp_zero.o)
 .bss           0x0000000000800066        0x0 /usr/lib/gcc/avr/4.8.2/../../../avr/lib/avr4/libm.a(mulsf3.o)
 .bss           0x0000000000800066        0x0 /usr/lib/gcc/avr/4.8.2/../../../avr/lib/avr4/libm.a(mulsf3x.o)
 .bss           0x0000000000800066        0x0 /usr/lib/gcc/avr/4.8.2/../../../avr/lib/avr4/libc.a(atoi.o)
 .bss           0x0000000000800066        0x0 /usr/lib/gcc/avr/4.8.2/../../../avr/lib/avr4/libc.a(strcat.o)
 .bss           0x0000000000800066        0x0 /usr/lib/gcc/avr/4.8.2/../../../avr/lib/avr4/libc.a(strchr.o)
 .bss           0x0000000000800066        0x0 /usr/lib/gcc/avr/4.8.2/../../../avr/lib/avr4/libc.a(strncpy.o)
 .bss           0x0000000000800066        0x0 /usr/lib/gcc/avr/4.8.2/../../../avr/lib/avr4/libc.a(itoa.o)
 .bss           0x0000000000800066        0x0 /usr/lib/gcc/avr/4.8.2/../../../avr/lib/avr4/libc.a(mul10.o)
 .bss           0x0000000000800066        0x0 /usr/lib/gcc/avr/4.8.2/../../../avr/lib/avr4/libc.a(strrev.o)
 .bss           0x0000000000800066        0x0 /usr/lib/gcc/avr/4.8.2/avr4/libgcc.a(_udivmodhi4.o)
 *(.bss*)
 .bss.uartFlag  0x0000000000800066        0x1 ./UART/uart.o
                0x0000000000800066                uartFlag
 .bss.numInMessage
                0x0000000000800067        0x1 ./UART/uart.o
                0x0000000000800067                numInMessage
 .bss.iInMessage
                0x0000000000800068        0x1 ./UART/uart.o
                0x0000000000800068                iInMessage
 .bss.numOutMessage
                0x0000000000800069        0x1 ./UART/uart.o
                0x0000000000800069                numOutMessage
 .bss.iOutMessage
                0x000000000080006a        0x1 ./UART/uart.o
                0x000000000080006a                iOutMessage
 .bss.shiftData
                0x000000000080006b        0x4 ./Motor/motor.o
 .bss.counter   0x000000000080006f        0x1 ./ADC_MCP/adc_mcp.o
 .bss.oldData   0x0000000000800070        0x1 ./ADC_MCP/adc_mcp.o
 .bss.state     0x0000000000800071        0x1 ./ADC_MCP/adc_mcp.o
 .bss.new       0x0000000000800072        0x1 ./ADC_MCP/adc_mcp.o
 .bss.meassure  0x0000000000800073        0x2 ./ADC_MCP/adc_mcp.o
 .bss.oldValue  0x0000000000800075        0x1 ./fader.o
                0x0000000000800075                oldValue
 .bss.timerReady
                0x0000000000800076        0x1 ./fader.o
                0x0000000000800076                timerReady
 .bss.numFaderRunning
                0x0000000000800077        0x1 ./fader.o
                0x0000000000800077                numFaderRunning
 *(COMMON)
 COMMON         0x0000000000800078       0x28 ./UART/uart.o
                0x0000000000800078                outMessage
                0x000000000080008c                inMessage
 COMMON         0x00000000008000a0        0x7 ./ADC_MCP/adc_mcp.o
                0x00000000008000a0                adcData
 COMMON         0x00000000008000a7        0xc ./fader.o
                0x00000000008000a7                fader
                0x00000000008000b3                PROVIDE (__bss_end, .)
                0x000000000000145a                __data_load_start = LOADADDR (.data)
                0x0000000000001460                __data_load_end = (__data_load_start + SIZEOF (.data))

.noinit         0x00000000008000b3        0x0
                0x00000000008000b3                PROVIDE (__noinit_start, .)
 *(.noinit*)
                0x00000000008000b3                PROVIDE (__noinit_end, .)
                0x00000000008000b3                _end = .
                0x00000000008000b3                PROVIDE (__heap_start, .)

.eeprom         0x0000000000810000        0x0
 *(.eeprom*)
                0x0000000000810000                __eeprom_end = .

.fuse
 *(.fuse)
 *(.lfuse)
 *(.hfuse)
 *(.efuse)

.lock
 *(.lock*)

.signature
 *(.signature*)

.user_signatures
 *(.user_signatures*)

.stab           0x0000000000000000     0x29e8
 *(.stab)
 .stab          0x0000000000000000      0x6cc /usr/lib/gcc/avr/4.8.2/../../../avr/lib/avr4/crtm8.o
 .stab          0x00000000000006cc       0x78 /usr/lib/gcc/avr/4.8.2/../../../avr/lib/avr4/libm.a(addsf3.o)
                                         0x84 (size before relaxing)
 .stab          0x0000000000000744      0x4bc /usr/lib/gcc/avr/4.8.2/../../../avr/lib/avr4/libm.a(addsf3x.o)
                                        0x4c8 (size before relaxing)
 .stab          0x0000000000000c00       0x90 /usr/lib/gcc/avr/4.8.2/../../../avr/lib/avr4/libm.a(cmpsf2.o)
                                         0x9c (size before relaxing)
 .stab          0x0000000000000c90       0x48 /usr/lib/gcc/avr/4.8.2/../../../avr/lib/avr4/libm.a(divsf3.o)
                                         0x54 (size before relaxing)
 .stab          0x0000000000000cd8      0x510 /usr/lib/gcc/avr/4.8.2/../../../avr/lib/avr4/libm.a(divsf3x.o)
                                        0x51c (size before relaxing)
 .stab          0x00000000000011e8      0x240 /usr/lib/gcc/avr/4.8.2/../../../avr/lib/avr4/libm.a(fixunssfsi.o)
                                        0x24c (size before relaxing)
 .stab          0x0000000000001428      0x318 /usr/lib/gcc/avr/4.8.2/../../../avr/lib/avr4/libm.a(floatsisf.o)
                                        0x324 (size before relaxing)
 .stab          0x0000000000001740      0x1e0 /usr/lib/gcc/avr/4.8.2/../../../avr/lib/avr4/libm.a(fp_cmp.o)
                                        0x1ec (size before relaxing)
 .stab          0x0000000000001920       0x78 /usr/lib/gcc/avr/4.8.2/../../../avr/lib/avr4/libm.a(fp_inf.o)
                                         0x84 (size before relaxing)
 .stab          0x0000000000001998       0x54 /usr/lib/gcc/avr/4.8.2/../../../avr/lib/avr4/libm.a(fp_nan.o)
                                         0x60 (size before relaxing)
 .stab          0x00000000000019ec       0x84 /usr/lib/gcc/avr/4.8.2/../../../avr/lib/avr4/libm.a(fp_pscA.o)
                                         0x90 (size before relaxing)
 .stab          0x0000000000001a70       0x84 /usr/lib/gcc/avr/4.8.2/../../../avr/lib/avr4/libm.a(fp_pscB.o)
                                         0x90 (size before relaxing)
 .stab          0x0000000000001af4       0xfc /usr/lib/gcc/avr/4.8.2/../../../avr/lib/avr4/libm.a(fp_round.o)
                                        0x108 (size before relaxing)
 .stab          0x0000000000001bf0      0x1d4 /usr/lib/gcc/avr/4.8.2/../../../avr/lib/avr4/libm.a(fp_split3.o)
                                        0x1e0 (size before relaxing)
 .stab          0x0000000000001dc4       0x90 /usr/lib/gcc/avr/4.8.2/../../../avr/lib/avr4/libm.a(fp_zero.o)
                                         0x9c (size before relaxing)
 .stab          0x0000000000001e54       0x48 /usr/lib/gcc/avr/4.8.2/../../../avr/lib/avr4/libm.a(mulsf3.o)
                                         0x54 (size before relaxing)
 .stab          0x0000000000001e9c      0x4d4 /usr/lib/gcc/avr/4.8.2/../../../avr/lib/avr4/libm.a(mulsf3x.o)
                                        0x4e0 (size before relaxing)
 .stab          0x0000000000002370      0x174 /usr/lib/gcc/avr/4.8.2/../../../avr/lib/avr4/libc.a(atoi.o)
                                        0x180 (size before relaxing)
 .stab          0x00000000000024e4       0x9c /usr/lib/gcc/avr/4.8.2/../../../avr/lib/avr4/libc.a(strcat.o)
                                         0xa8 (size before relaxing)
 .stab          0x0000000000002580       0x9c /usr/lib/gcc/avr/4.8.2/../../../avr/lib/avr4/libc.a(strchr.o)
                                         0xa8 (size before relaxing)
 .stab          0x000000000000261c       0xcc /usr/lib/gcc/avr/4.8.2/../../../avr/lib/avr4/libc.a(strncpy.o)
                                         0xd8 (size before relaxing)
 .stab          0x00000000000026e8      0x1b0 /usr/lib/gcc/avr/4.8.2/../../../avr/lib/avr4/libc.a(itoa.o)
                                        0x1bc (size before relaxing)
 .stab          0x0000000000002898       0x78 /usr/lib/gcc/avr/4.8.2/../../../avr/lib/avr4/libc.a(mul10.o)
                                         0x84 (size before relaxing)
 .stab          0x0000000000002910       0xd8 /usr/lib/gcc/avr/4.8.2/../../../avr/lib/avr4/libc.a(strrev.o)
                                         0xe4 (size before relaxing)

.stabstr        0x0000000000000000      0x4a5
 *(.stabstr)
 .stabstr       0x0000000000000000      0x4a5 /usr/lib/gcc/avr/4.8.2/../../../avr/lib/avr4/crtm8.o

.stab.excl
 *(.stab.excl)

.stab.exclstr
 *(.stab.exclstr)

.stab.index
 *(.stab.index)

.stab.indexstr
 *(.stab.indexstr)

.comment        0x0000000000000000       0x11
 *(.comment)
 .comment       0x0000000000000000       0x11 ./UART/uart.o
                                         0x12 (size before relaxing)
 .comment       0x0000000000000000       0x12 ./Motor/motor.o
 .comment       0x0000000000000000       0x12 ./Motor/shift.o
 .comment       0x0000000000000000       0x12 ./ADC_MCP/adc_mcp.o
 .comment       0x0000000000000000       0x12 ./fader.o
 .comment       0x0000000000000000       0x12 ./main.o

.debug
 *(.debug)

.line
 *(.line)

.debug_srcinfo
 *(.debug_srcinfo)

.debug_sfnames
 *(.debug_sfnames)

.debug_aranges
 *(.debug_aranges)

.debug_pubnames
 *(.debug_pubnames)

.debug_info
 *(.debug_info)
 *(.gnu.linkonce.wi.*)

.debug_abbrev
 *(.debug_abbrev)

.debug_line
 *(.debug_line)

.debug_frame
 *(.debug_frame)

.debug_str
 *(.debug_str)

.debug_loc
 *(.debug_loc)

.debug_macinfo
 *(.debug_macinfo)

.debug_pubtypes
 *(.debug_pubtypes)

.debug_ranges
 *(.debug_ranges)

.debug_macro
 *(.debug_macro)
OUTPUT(MotorFaderSteuerung.elf elf32-avr)
LOAD linker stubs
